package mypackage

type MyExportedType int

type MyFunctionType func(int, int) bool

type MyInterface interface {
	MyMethod() error
}

type MyStruct struct {
	ExportedField int
}

func (s MyStruct) MyMethod()

func MyFunction(a, b int) bool

func MyOtherFunction(s string, cb func(string) bool) bool

func MyThirdFunction() MyFunctionType

func NewMyStruct(n int) (*MyStruct, error)
