package mypackage

// MyFunctionType is a function type that takes two integers and returns a
// boolean.
type MyFunctionType func(int, int) bool

// MyFunction is an example function that takes two integers as input and
// returns a boolean result.
func MyFunction(a, b int) bool

// MyOtherFunction is an exported function that does not match
// [MyFunctionType].
func MyOtherFunction(s string, cb func(string) bool) bool

// MyThirdFunction returns a function type.
func MyThirdFunction() MyFunctionType

// NewMyStruct is an example constructor function for [MyStruct]
func NewMyStruct(n int) (*MyStruct, error)

// MyInterface is an interface with a single method.
type MyInterface interface {
	MyMethod() error
}
