package mypackage

// MyFunctionType is a function type that takes two integers and returns a
// boolean.
type MyFunctionType func(int, int) bool

// MyStruct is a struct with exported and unexported fields.
type MyStruct struct {
	ExportedField int // exported field.
}

// MyMethod is a method associated with MyStruct.
func (s MyStruct) MyMethod()

// MyInterface is an interface with a single method.
type MyInterface interface {
	MyMethod() error
}
