package mypackage

// An ugly const declaration group to check that parser handles different
// scenarios correctly.
const (
	MyStringConst, MyUint32Const, MyIntConst         = "hello", uint32(123), 42
	MyFloatConst                                     = 1.234
	MyFloat32Const                           float32 = 4.321
)

const MyInitConst int

// MySingleConst checks that parser handles a single const declaration
// correctly.
const MySingleConst = "example"

// Check that parser handles this common const declaration method correctly.
const (
	MyFatal MyLogLevel = iota
	MyError
	MyWarn
	MyInfo
	MyDebug
)

// MyExportedType is an exported custom type.
type MyExportedType int

// MyFunctionType is a function type that takes two integers and returns a
// boolean.
type MyFunctionType func(int, int) bool

// MyInterface is an interface with a single method.
type MyInterface interface {
	MyMethod() error
}

// MyLogLevel is an exported custom type.
type MyLogLevel int

// MyThirdFunction returns a function type.
func MyThirdFunction() MyFunctionType

// MyFunction is an example function that takes two integers as input and
// returns a boolean result.
func MyFunction(a, b int) bool

// MyOtherFunction is an exported function that does not match
// [MyFunctionType].
func MyOtherFunction(s string, cb func(string) bool) bool
