package mypackage

// MyStruct is a struct with exported and unexported fields.
type MyStruct struct {
	ExportedField                      int    // exported field.
	unexportedField                    string // unexported field.
	unexportedField1, unexportedField2 int    // unexported shorthand fields.
}
